// Jest Snapshot v1, https://goo.gl/fbAQLP

exports[`App Buttons renders 1`] = `
<div>
  <div>
    <button
      data-testid="plus"
    >
      +
    </button>
    <button
      data-testid="minus"
    >
      -
    </button>
  </div>
</div>
`;
